2025-03-15 17:02:21 - INFO [restartedMain] c.a.a.AddressBookApplication - Starting AddressBookApplication using Java 21.0.1 with PID 28556 (D:\Bridge_Labz\SpringBoot\SpringAddressBookApp\target\classes started by ĐɆVłⱠ'₴ ₩ØⱤⱠĐ in D:\Bridge_Labz\SpringBoot\SpringAddressBookApp)
2025-03-15 17:02:21 - DEBUG [restartedMain] c.a.a.AddressBookApplication - Running with Spring Boot v3.4.3, Spring v6.2.3
2025-03-15 17:02:21 - INFO [restartedMain] c.a.a.AddressBookApplication - No active profile set, falling back to 1 default profile: "default"
2025-03-15 17:02:23 - INFO [restartedMain] o.a.c.c.StandardService - Starting service [Tomcat]
2025-03-15 17:02:23 - INFO [restartedMain] o.a.c.c.StandardEngine - Starting Servlet engine: [Apache Tomcat/10.1.36]
2025-03-15 17:02:23 - INFO [restartedMain] o.a.c.c.C.[.[.[/] - Initializing Spring embedded WebApplicationContext
2025-03-15 17:02:23 - INFO [restartedMain] o.h.j.i.u.LogHelper - HHH000204: Processing PersistenceUnitInfo [name: default]
2025-03-15 17:02:23 - INFO [restartedMain] o.h.Version - HHH000412: Hibernate ORM core version 6.6.8.Final
2025-03-15 17:02:23 - INFO [restartedMain] o.h.c.i.RegionFactoryInitiator - HHH000026: Second-level cache disabled
2025-03-15 17:02:23 - INFO [restartedMain] c.z.h.HikariDataSource - HikariPool-1 - Starting...
2025-03-15 17:02:24 - INFO [restartedMain] c.z.h.p.HikariPool - HikariPool-1 - Added connection com.mysql.cj.jdbc.ConnectionImpl@4c789ab3
2025-03-15 17:02:24 - INFO [restartedMain] c.z.h.HikariDataSource - HikariPool-1 - Start completed.
2025-03-15 17:02:24 - WARN [restartedMain] o.h.o.deprecation - HHH90000025: MySQL8Dialect does not need to be specified explicitly using 'hibernate.dialect' (remove the property setting and it will be selected by default)
2025-03-15 17:02:24 - WARN [restartedMain] o.h.o.deprecation - HHH90000026: MySQL8Dialect has been deprecated; use org.hibernate.dialect.MySQLDialect instead
2025-03-15 17:02:24 - INFO [restartedMain] o.h.o.c.pooling - HHH10001005: Database info:
	Database JDBC URL [Connecting through datasource 'HikariDataSource (HikariPool-1)']
	Database driver: undefined/unknown
	Database version: 8.0
	Autocommit mode: undefined/unknown
	Isolation level: undefined/unknown
	Minimum pool size: undefined/unknown
	Maximum pool size: undefined/unknown
2025-03-15 17:02:25 - INFO [restartedMain] o.h.e.t.j.p.i.JtaPlatformInitiator - HHH000489: No JTA platform available (set 'hibernate.transaction.jta.platform' to enable JTA platform integration)
2025-03-15 17:02:25 - WARN [restartedMain] o.s.b.a.o.j.JpaBaseConfiguration$JpaWebConfiguration - spring.jpa.open-in-view is enabled by default. Therefore, database queries may be performed during view rendering. Explicitly configure spring.jpa.open-in-view to disable this warning
2025-03-15 17:02:25 - INFO [restartedMain] c.a.a.AddressBookApplication - Started AddressBookApplication in 4.343 seconds (process running for 4.824)
2025-03-15 17:02:40 - INFO [http-nio-8080-exec-1] o.a.c.c.C.[.[.[/] - Initializing Spring DispatcherServlet 'dispatcherServlet'
2025-03-15 17:02:40 - INFO [http-nio-8080-exec-1] c.a.a.c.AddressBookController - Accessed /hello endpoint
2025-03-15 17:04:29 - INFO [http-nio-8080-exec-4] c.a.a.c.AddressBookController - Fetching all contacts
2025-03-15 17:04:29 - INFO [http-nio-8080-exec-4] c.a.a.s.AddressBookServiceImpl - Fetching all contacts from database
2025-03-15 17:04:54 - INFO [http-nio-8080-exec-6] c.a.a.c.AddressBookController - Creating new contact: Dwivedi
2025-03-15 17:04:54 - INFO [http-nio-8080-exec-6] c.a.a.s.AddressBookServiceImpl - Creating contact: Dwivedi
2025-03-15 17:05:32 - INFO [http-nio-8080-exec-7] c.a.a.c.AddressBookController - Updating contact with ID: 7
2025-03-15 17:05:32 - INFO [http-nio-8080-exec-7] c.a.a.s.AddressBookServiceImpl - Updating contact with ID: 7
2025-03-15 17:05:46 - INFO [http-nio-8080-exec-8] c.a.a.c.AddressBookController - Deleting contact with ID: 7
2025-03-15 17:05:46 - INFO [http-nio-8080-exec-8] c.a.a.s.AddressBookServiceImpl - Deleting contact with ID: 7
2025-03-15 17:06:23 - INFO [http-nio-8080-exec-10] c.a.a.c.AddressBookController - Fetching all contacts
2025-03-15 17:06:23 - INFO [http-nio-8080-exec-10] c.a.a.s.AddressBookServiceImpl - Fetching all contacts from database
2025-03-15 17:06:33 - INFO [http-nio-8080-exec-2] c.a.a.c.AddressBookController - Fetching contact with ID: 3
2025-03-15 17:06:33 - INFO [http-nio-8080-exec-2] c.a.a.s.AddressBookServiceImpl - Fetching contact with ID: 3
